// Jest Snapshot v1, https://goo.gl/fbAQLP

exports[`test searchBox component expect to render SearchBox component 1`] = `ShallowWrapper {}`;
